{
    "App\/DTO\/TestDTO.php": "<?php\n\nnamespace App\\DTO;\n\nuse Spatie\\DataTransferObject\\Attributes\\Strict;\nuse Spatie\\DataTransferObject\\DataTransferObject;\n\n#[\\Strict]\nclass TestDTO extends DataTransferObject\n{\n\tpublic string $string;\n\tpublic int $int;\n\tpublic float $float;\n\n\t\/** @var string[] $string_array *\/\n\tpublic array $string_array;\n\n\t\/** @var int[] $int_array *\/\n\tpublic array $int_array;\n\tpublic $empty_array;\n\tpublic $nested_array;\n}\n"
}
